Swear word detected in name category, not accepted.